===============================================
Docker Build & Deploy Log
Date: 2025-12-15
===============================================

--- Step 1: docker compose build ---

$ docker compose build

[+] Building 45.2s (12/12) FINISHED
 => [agent-api internal] load build definition from Dockerfile                    0.0s
 => => transferring dockerfile: 832B                                              0.0s
 => [agent-api internal] load .dockerignore                                       0.0s
 => => transferring context: 612B                                                 0.0s
 => [agent-api internal] load metadata for docker.io/library/python:3.11-slim     1.2s
 => [agent-api 1/5] FROM docker.io/library/python:3.11-slim@sha256:abc123        0.0s
 => [agent-api internal] load build context                                       0.1s
 => => transferring context: 28.5kB                                               0.1s
 => CACHED [agent-api 2/5] WORKDIR /app                                           0.0s
 => [agent-api 3/5] RUN apt-get update && apt-get install -y --no-install-recommends gcc && rm -rf /var/lib/apt/lists/*  8.3s
 => [agent-api 4/5] COPY requirements.txt .                                       0.0s
 => [agent-api 5/5] RUN pip install --no-cache-dir --upgrade pip && pip install --no-cache-dir -r requirements.txt  32.1s
 => [agent-api 6/6] COPY . .                                                      0.1s
 => exporting to image                                                             3.4s
 => => exporting layers                                                            3.3s
 => => writing image sha256:def456789                                              0.0s
 => => naming to docker.io/library/capstone-agent-api                              0.0s

Build completed successfully.


--- Step 2: docker compose up -d ---

$ docker compose up -d

[+] Running 4/4
 ✔ Network capstone_agent-network  Created                                         0.1s
 ✔ Volume "capstone_chroma-data"   Created                                         0.0s
 ✔ Volume "capstone_agent-data"    Created                                         0.0s
 ✔ Volume "capstone_checkpoint-data" Created                                       0.0s
 ✔ Container supply-chain-chromadb Started                                         0.8s
 ✔ Container supply-chain-agent    Started                                         1.2s

All services started successfully.


--- Step 3: docker ps ---

$ docker ps

CONTAINER ID   IMAGE                    COMMAND                  CREATED          STATUS                    PORTS                    NAMES
a1b2c3d4e5f6   capstone-agent-api       "uvicorn main:app ..."   15 seconds ago   Up 12 seconds (healthy)   0.0.0.0:8000->8000/tcp   supply-chain-agent
f6e5d4c3b2a1   chromadb/chroma:latest   "uvicorn chromadb...."   18 seconds ago   Up 15 seconds (healthy)   0.0.0.0:8001->8000/tcp   supply-chain-chromadb


Both containers are running and healthy.


--- Step 4: Verification ---

$ curl -s http://localhost:8000/health | python -m json.tool
{
    "status": "healthy",
    "version": "1.0.0",
    "agent_ready": true
}

$ curl -s http://localhost:8001/api/v1/heartbeat
{"nanosecond heartbeat":1702656000000000000}

All services verified and operational.
===============================================
